../Core/Src/main.c:79:5:main	24	static
../Core/Src/main.c:165:6:SystemClock_Config	88	static
../Core/Src/main.c:211:13:MX_TIM6_Init	16	static
../Core/Src/main.c:249:13:MX_USART2_UART_Init	8	static
../Core/Src/main.c:282:13:MX_GPIO_Init	40	static
../Core/Src/main.c:309:9:DHT22_Start	32	static
../Core/Src/main.c:342:9:DHT22_Read	16	static
../Core/Src/main.c:360:6:delay	16	static
../Core/Src/main.c:368:6:sendATCommand	16	static
../Core/Src/main.c:372:6:sendSSIDAndPassword	16	static
../Core/Src/main.c:379:6:sendData	168	static
../Core/Src/main.c:403:6:Error_Handler	4	static,ignoring_inline_asm
